// Jest Snapshot v1, https://goo.gl/fbAQLP

exports[`contents contents.html 1`] = `
Root {
  "children": Array [
    Doctype {
      "end": 15,
      "loc": Object {
        "end": Object {
          "column": 15,
          "line": 1,
        },
        "start": Object {
          "column": 0,
          "line": 1,
        },
      },
      "name": DoctypeName {
        "end": 14,
        "loc": Object {
          "end": Object {
            "column": 14,
            "line": 1,
          },
          "start": Object {
            "column": 10,
            "line": 1,
          },
        },
        "range": Array [
          10,
          14,
        ],
        "start": 10,
        "type": "DoctypeName",
        "value": "html",
      },
      "publicId": null,
      "range": Array [
        0,
        15,
      ],
      "start": 0,
      "systemId": null,
      "type": "Doctype",
    },
    Text {
      "end": 16,
      "loc": Object {
        "end": Object {
          "column": 16,
          "line": 1,
        },
        "start": Object {
          "column": 15,
          "line": 1,
        },
      },
      "range": Array [
        15,
        16,
      ],
      "start": 15,
      "type": "Text",
      "value": "
",
    },
    Element {
      "children": Array [
        Text {
          "end": 25,
          "loc": Object {
            "end": Object {
              "column": 2,
              "line": 3,
            },
            "start": Object {
              "column": 6,
              "line": 2,
            },
          },
          "range": Array [
            22,
            25,
          ],
          "start": 22,
          "type": "Text",
          "value": "
  ",
        },
        Element {
          "children": Array [
            Text {
              "end": 36,
              "loc": Object {
                "end": Object {
                  "column": 4,
                  "line": 4,
                },
                "start": Object {
                  "column": 8,
                  "line": 3,
                },
              },
              "range": Array [
                31,
                36,
              ],
              "start": 31,
              "type": "Text",
              "value": "
    ",
            },
            Element {
              "children": Array [
                Text {
                  "end": 44,
                  "loc": Object {
                    "end": Object {
                      "column": 12,
                      "line": 4,
                    },
                    "start": Object {
                      "column": 9,
                      "line": 4,
                    },
                  },
                  "range": Array [
                    41,
                    44,
                  ],
                  "start": 41,
                  "type": "Text",
                  "value": "1<2",
                },
              ],
              "closingElement": ClosingElement {
                "end": 50,
                "loc": Object {
                  "end": Object {
                    "column": 18,
                    "line": 4,
                  },
                  "start": Object {
                    "column": 12,
                    "line": 4,
                  },
                },
                "name": ElementName {
                  "end": 49,
                  "loc": Object {
                    "end": Object {
                      "column": 17,
                      "line": 4,
                    },
                    "start": Object {
                      "column": 14,
                      "line": 4,
                    },
                  },
                  "range": Array [
                    46,
                    49,
                  ],
                  "start": 46,
                  "type": "ElementName",
                  "value": "div",
                },
                "range": Array [
                  44,
                  50,
                ],
                "start": 44,
                "type": "ClosingElement",
              },
              "end": 50,
              "loc": Object {
                "end": Object {
                  "column": 18,
                  "line": 4,
                },
                "start": Object {
                  "column": 4,
                  "line": 4,
                },
              },
              "openingElement": OpeningElement {
                "attributes": Array [],
                "end": 41,
                "loc": Object {
                  "end": Object {
                    "column": 9,
                    "line": 4,
                  },
                  "start": Object {
                    "column": 4,
                    "line": 4,
                  },
                },
                "name": ElementName {
                  "end": 40,
                  "loc": Object {
                    "end": Object {
                      "column": 8,
                      "line": 4,
                    },
                    "start": Object {
                      "column": 5,
                      "line": 4,
                    },
                  },
                  "range": Array [
                    37,
                    40,
                  ],
                  "start": 37,
                  "type": "ElementName",
                  "value": "div",
                },
                "range": Array [
                  36,
                  41,
                ],
                "selfClosing": false,
                "start": 36,
                "type": "OpeningElement",
              },
              "range": Array [
                36,
                50,
              ],
              "start": 36,
              "type": "Element",
            },
            Text {
              "end": 53,
              "loc": Object {
                "end": Object {
                  "column": 2,
                  "line": 5,
                },
                "start": Object {
                  "column": 18,
                  "line": 4,
                },
              },
              "range": Array [
                50,
                53,
              ],
              "start": 50,
              "type": "Text",
              "value": "
  ",
            },
          ],
          "closingElement": ClosingElement {
            "end": 60,
            "loc": Object {
              "end": Object {
                "column": 9,
                "line": 5,
              },
              "start": Object {
                "column": 2,
                "line": 5,
              },
            },
            "name": ElementName {
              "end": 59,
              "loc": Object {
                "end": Object {
                  "column": 8,
                  "line": 5,
                },
                "start": Object {
                  "column": 4,
                  "line": 5,
                },
              },
              "range": Array [
                55,
                59,
              ],
              "start": 55,
              "type": "ElementName",
              "value": "body",
            },
            "range": Array [
              53,
              60,
            ],
            "start": 53,
            "type": "ClosingElement",
          },
          "end": 60,
          "loc": Object {
            "end": Object {
              "column": 9,
              "line": 5,
            },
            "start": Object {
              "column": 2,
              "line": 3,
            },
          },
          "openingElement": OpeningElement {
            "attributes": Array [],
            "end": 31,
            "loc": Object {
              "end": Object {
                "column": 8,
                "line": 3,
              },
              "start": Object {
                "column": 2,
                "line": 3,
              },
            },
            "name": ElementName {
              "end": 30,
              "loc": Object {
                "end": Object {
                  "column": 7,
                  "line": 3,
                },
                "start": Object {
                  "column": 3,
                  "line": 3,
                },
              },
              "range": Array [
                26,
                30,
              ],
              "start": 26,
              "type": "ElementName",
              "value": "body",
            },
            "range": Array [
              25,
              31,
            ],
            "selfClosing": false,
            "start": 25,
            "type": "OpeningElement",
          },
          "range": Array [
            25,
            60,
          ],
          "start": 25,
          "type": "Element",
        },
        Text {
          "end": 61,
          "loc": Object {
            "end": Object {
              "column": 10,
              "line": 5,
            },
            "start": Object {
              "column": 9,
              "line": 5,
            },
          },
          "range": Array [
            60,
            61,
          ],
          "start": 60,
          "type": "Text",
          "value": "
",
        },
      ],
      "closingElement": ClosingElement {
        "end": 68,
        "loc": Object {
          "end": Object {
            "column": 7,
            "line": 6,
          },
          "start": Object {
            "column": 0,
            "line": 6,
          },
        },
        "name": ElementName {
          "end": 67,
          "loc": Object {
            "end": Object {
              "column": 6,
              "line": 6,
            },
            "start": Object {
              "column": 2,
              "line": 6,
            },
          },
          "range": Array [
            63,
            67,
          ],
          "start": 63,
          "type": "ElementName",
          "value": "html",
        },
        "range": Array [
          61,
          68,
        ],
        "start": 61,
        "type": "ClosingElement",
      },
      "end": 68,
      "loc": Object {
        "end": Object {
          "column": 7,
          "line": 6,
        },
        "start": Object {
          "column": 0,
          "line": 2,
        },
      },
      "openingElement": OpeningElement {
        "attributes": Array [],
        "end": 22,
        "loc": Object {
          "end": Object {
            "column": 6,
            "line": 2,
          },
          "start": Object {
            "column": 0,
            "line": 2,
          },
        },
        "name": ElementName {
          "end": 21,
          "loc": Object {
            "end": Object {
              "column": 5,
              "line": 2,
            },
            "start": Object {
              "column": 1,
              "line": 2,
            },
          },
          "range": Array [
            17,
            21,
          ],
          "start": 17,
          "type": "ElementName",
          "value": "html",
        },
        "range": Array [
          16,
          22,
        ],
        "selfClosing": false,
        "start": 16,
        "type": "OpeningElement",
      },
      "range": Array [
        16,
        68,
      ],
      "start": 16,
      "type": "Element",
    },
    Text {
      "end": 69,
      "loc": Object {
        "end": Object {
          "column": 8,
          "line": 6,
        },
        "start": Object {
          "column": 7,
          "line": 6,
        },
      },
      "range": Array [
        68,
        69,
      ],
      "start": 68,
      "type": "Text",
      "value": "
",
    },
  ],
  "comments": Array [],
  "end": 69,
  "errors": Array [
    ParsingError {
      "column": 11,
      "error": "invalid-first-character-of-tag-name",
      "index": 43,
      "line": 4,
    },
  ],
  "loc": Object {
    "end": Object {
      "column": 8,
      "line": 6,
    },
    "start": Object {
      "column": 0,
      "line": 1,
    },
  },
  "range": Array [
    0,
    69,
  ],
  "start": 0,
  "tokens": Array [],
  "type": "Root",
}
`;
