// Jest Snapshot v1, https://goo.gl/fbAQLP

exports[`parses: snapshot basic 1`] = `
Root {
  "children": Array [
    ElementNode {
      "attrs": Array [
        AttributeNode {
          "end": 33,
          "loc": Object {
            "end": Object {
              "column": 33,
              "line": 1,
            },
            "start": Object {
              "column": 6,
              "line": 1,
            },
          },
          "name": AttrNameToken {
            "end": 11,
            "loc": Object {
              "end": Object {
                "column": 11,
                "line": 1,
              },
              "start": Object {
                "column": 6,
                "line": 1,
              },
            },
            "range": Array [
              6,
              11,
            ],
            "start": 6,
            "type": "AttributeName",
            "value": "class",
          },
          "range": Array [
            6,
            33,
          ],
          "start": 6,
          "type": "Attribute",
          "value": AttrValueToken {
            "end": 33,
            "loc": Object {
              "end": Object {
                "column": 33,
                "line": 1,
              },
              "start": Object {
                "column": 12,
                "line": 1,
              },
            },
            "range": Array [
              12,
              33,
            ],
            "start": 12,
            "type": "AttributeValue",
            "value": "\\"_1syGnXOL _3di88A4c\\"",
          },
        },
        AttributeNode {
          "end": 57,
          "loc": Object {
            "end": Object {
              "column": 57,
              "line": 1,
            },
            "start": Object {
              "column": 34,
              "line": 1,
            },
          },
          "name": AttrNameToken {
            "end": 42,
            "loc": Object {
              "end": Object {
                "column": 42,
                "line": 1,
              },
              "start": Object {
                "column": 34,
                "line": 1,
              },
            },
            "range": Array [
              34,
              42,
            ],
            "start": 34,
            "type": "AttributeName",
            "value": "data-clk",
          },
          "range": Array [
            34,
            57,
          ],
          "start": 34,
          "type": "Attribute",
          "value": AttrValueToken {
            "end": 57,
            "loc": Object {
              "end": Object {
                "column": 57,
                "line": 1,
              },
              "start": Object {
                "column": 43,
                "line": 1,
              },
            },
            "range": Array [
              43,
              57,
            ],
            "start": 43,
            "type": "AttributeValue",
            "value": "\\"dropbanner1b\\"",
          },
        },
        AttributeNode {
          "end": 119,
          "loc": Object {
            "end": Object {
              "column": 119,
              "line": 1,
            },
            "start": Object {
              "column": 58,
              "line": 1,
            },
          },
          "name": AttrNameToken {
            "end": 63,
            "loc": Object {
              "end": Object {
                "column": 63,
                "line": 1,
              },
              "start": Object {
                "column": 58,
                "line": 1,
              },
            },
            "range": Array [
              58,
              63,
            ],
            "start": 58,
            "type": "AttributeName",
            "value": "style",
          },
          "range": Array [
            58,
            119,
          ],
          "start": 58,
          "type": "Attribute",
          "value": AttrValueToken {
            "end": 119,
            "loc": Object {
              "end": Object {
                "column": 119,
                "line": 1,
              },
              "start": Object {
                "column": 64,
                "line": 1,
              },
            },
            "range": Array [
              64,
              119,
            ],
            "start": 64,
            "type": "AttributeValue",
            "value": "\\"padding-right: 20px; color: white; padding-left: 20px\\"",
          },
        },
      ],
      "children": Array [
        ElementNode {
          "attrs": Array [],
          "children": Array [
            TextNode {
              "end": 140,
              "loc": Object {
                "end": Object {
                  "column": 140,
                  "line": 1,
                },
                "start": Object {
                  "column": 126,
                  "line": 1,
                },
              },
              "range": Array [
                126,
                128,
              ],
              "start": 126,
              "type": "Text",
              "value": "웨일 사용자 목소리입니다.",
            },
          ],
          "close": CloseElementNode {
            "end": 147,
            "loc": Object {
              "end": Object {
                "column": 147,
                "line": 1,
              },
              "start": Object {
                "column": 140,
                "line": 1,
              },
            },
            "range": Array [
              140,
              147,
            ],
            "start": 140,
            "type": "CloseElement",
          },
          "end": 147,
          "loc": Object {
            "end": Object {
              "column": 147,
              "line": 1,
            },
            "start": Object {
              "column": 120,
              "line": 1,
            },
          },
          "open": OpenElementNode {
            "end": 126,
            "loc": Object {
              "end": Object {
                "column": 126,
                "line": 1,
              },
              "start": Object {
                "column": 120,
                "line": 1,
              },
            },
            "range": Array [
              120,
              126,
            ],
            "start": 120,
            "type": "OpenElement",
          },
          "range": Array [
            120,
            147,
          ],
          "selfClosing": false,
          "start": 120,
          "tagName": "span",
          "type": "Element",
        },
      ],
      "close": CloseElementNode {
        "end": 154,
        "loc": Object {
          "end": Object {
            "column": 154,
            "line": 1,
          },
          "start": Object {
            "column": 147,
            "line": 1,
          },
        },
        "range": Array [
          147,
          154,
        ],
        "start": 147,
        "type": "CloseElement",
      },
      "end": 154,
      "loc": Object {
        "end": Object {
          "column": 154,
          "line": 1,
        },
        "start": Object {
          "column": 0,
          "line": 1,
        },
      },
      "open": OpenElementNode {
        "end": 120,
        "loc": Object {
          "end": Object {
            "column": 120,
            "line": 1,
          },
          "start": Object {
            "column": 0,
            "line": 1,
          },
        },
        "range": Array [
          0,
          120,
        ],
        "start": 0,
        "type": "OpenElement",
      },
      "range": Array [
        0,
        154,
      ],
      "selfClosing": false,
      "start": 0,
      "tagName": "span",
      "type": "Element",
    },
  ],
  "comments": Array [],
  "end": 0,
  "loc": Object {
    "end": Object {
      "column": 0,
      "line": 1,
    },
    "start": Object {
      "column": 0,
      "line": 1,
    },
  },
  "range": Array [
    0,
    0,
  ],
  "start": 0,
  "tokens": Array [],
  "type": "Root",
}
`;
